{
  "schema_version": "v1",
  "target": ".",
  "root": ".",
  "recursive": true,
  "respect_gitignore": true,
  "symlink_mode": "physical",
  "sort": "tokens-desc",
  "summary": {
    "files_seen": 2,
    "files_counted": 1,
    "files_skipped": 1,
    "total_tokens": 321
  },
  "results": [
    {
      "kind": "file",
      "path": "README.md",
      "tokens": 321,
      "method": "exact",
      "provider": "openai",
      "status": "counted",
      "reason": null
    },
    {
      "kind": "file",
      "path": "assets/logo.png",
      "tokens": null,
      "method": null,
      "provider": null,
      "status": "skipped",
      "reason": "binary"
    }
  ]
}
